41.175.10.186 - - [13/Nov/2018:13:52:14 +0100] "GET /rest/v1/indicator_dimension/?format=json&limit=100&result__project=7450&page=52 HTTP/1.1" 200 1487 "https://appsa.akvoapp.org/en/myrsr/my_project/7450/" "Mozilla/5.0 (Windows NT 10.0; Win64; x64) AppleWebKit/537.36 (KHTML, like Gecko) Chrome/70.0.3538.77 Safari/537.36" 1.740 0.236 .
196.12.128.66 - - [13/Nov/2018:13:52:14 +0100] "GET /rest/v1/indicator_dimension/?format=json&limit=100&result__project=4002&page=18 HTTP/1.1" 200 1389 "https://rsr.akvo.org/en/myrsr/my_project/4002/" "Mozilla/5.0 (Windows NT 10.0; Win64; x64) AppleWebKit/537.36 (KHTML, like Gecko) Chrome/70.0.3538.77 Safari/537.36" 1.810 0.234 .
148.251.120.201 - - [13/Nov/2018:13:52:14 +0100] "GET /en/projects/?page=1&status=&organisation=1981&limit=100 HTTP/1.1" 503 206 "-" "Mozilla/5.0 (compatible; MJ12bot/v1.4.8; http://mj12bot.com/)" 0.000 - .
41.175.10.186 - - [13/Nov/2018:13:52:14 +0100] "GET /rest/v1/indicator_dimension/?format=json&limit=100&result__project=7450&page=53 HTTP/1.1" 200 1455 "https://appsa.akvoapp.org/en/myrsr/my_project/7450/" "Mozilla/5.0 (Windows NT 10.0; Win64; x64) AppleWebKit/537.36 (KHTML, like Gecko) Chrome/70.0.3538.77 Safari/537.36" 1.740 0.236 .
196.12.128.66 - - [13/Nov/2018:13:52:14 +0100] "GET /rest/v1/indicator_dimension/?format=json&limit=100&result__project=4002&page=19 HTTP/1.1" 200 1448 "https://rsr.akvo.org/en/myrsr/my_project/4002/" "Mozilla/5.0 (Windows NT 10.0; Win64; x64) AppleWebKit/537.36 (KHTML, like Gecko) Chrome/70.0.3538.77 Safari/537.36" 1.804 0.241 .
46.229.168.129 - - [13/Nov/2018:13:52:14 +0100] "GET /en/project/2507/ HTTP/1.1" 200 16124 "-" "Mozilla/5.0 (compatible; SemrushBot/2~bl; +http://www.semrush.com/bot.html)" 7.874 7.874 .
41.175.10.186 - - [13/Nov/2018:13:52:14 +0100] "GET /rest/v1/indicator_dimension/?format=json&limit=100&result__project=7450&page=54 HTTP/1.1" 200 1462 "https://appsa.akvoapp.org/en/myrsr/my_project/7450/" "Mozilla/5.0 (Windows NT 10.0; Win64; x64) AppleWebKit/537.36 (KHTML, like Gecko) Chrome/70.0.3538.77 Safari/537.36" 1.767 0.232 .
196.12.128.66 - - [13/Nov/2018:13:52:14 +0100] "GET /rest/v1/indicator_dimension/?format=json&limit=100&result__project=4002&page=20 HTTP/1.1" 200 1463 "https://rsr.akvo.org/en/myrsr/my_project/4002/" "Mozilla/5.0 (Windows NT 10.0; Win64; x64) AppleWebKit/537.36 (KHTML, like Gecko) Chrome/70.0.3538.77 Safari/537.36" 1.778 0.235 .
41.175.10.186 - - [13/Nov/2018:13:52:15 +0100] "GET /rest/v1/indicator_dimension/?format=json&limit=100&result__project=7450&page=55 HTTP/1.1" 200 1438 "https://appsa.akvoapp.org/en/myrsr/my_project/7450/" "Mozilla/5.0 (Windows NT 10.0; Win64; x64) AppleWebKit/537.36 (KHTML, like Gecko) Chrome/70.0.3538.77 Safari/537.36" 1.759 0.241 .
178.255.215.91 - - [13/Nov/2018:13:52:15 +0100] "GET /fr/project/2618/widgets/googleapis.com/ HTTP/1.1" 503 206 "-" "Mozilla/5.0 (compatible; Exabot/3.0; +http://www.exabot.com/go/robot)" 0.000 - .
196.12.128.66 - - [13/Nov/2018:13:52:15 +0100] "GET /rest/v1/indicator_dimension/?format=json&limit=100&result__project=4002&page=21 HTTP/1.1" 200 1449 "https://rsr.akvo.org/en/myrsr/my_project/4002/" "Mozilla/5.0 (Windows NT 10.0; Win64; x64) AppleWebKit/537.36 (KHTML, like Gecko) Chrome/70.0.3538.77 Safari/537.36" 1.769 0.243 .
41.175.10.186 - - [13/Nov/2018:13:52:15 +0100] "GET /rest/v1/indicator_dimension/?format=json&limit=100&result__project=7450&page=56 HTTP/1.1" 200 1456 "https://appsa.akvoapp.org/en/myrsr/my_project/7450/" "Mozilla/5.0 (Windows NT 10.0; Win64; x64) AppleWebKit/537.36 (KHTML, like Gecko) Chrome/70.0.3538.77 Safari/537.36" 1.781 0.227 .
196.12.128.66 - - [13/Nov/2018:13:52:15 +0100] "GET /rest/v1/indicator_dimension/?format=json&limit=100&result__project=4002&page=22 HTTP/1.1" 200 1453 "https://rsr.akvo.org/en/myrsr/my_project/4002/" "Mozilla/5.0 (Windows NT 10.0; Win64; x64) AppleWebKit/537.36 (KHTML, like Gecko) Chrome/70.0.3538.77 Safari/537.36" 1.752 0.225 .
41.175.10.186 - - [13/Nov/2018:13:52:15 +0100] "GET /rest/v1/indicator_dimension/?format=json&limit=100&result__project=7450&page=57 HTTP/1.1" 200 1453 "https://appsa.akvoapp.org/en/myrsr/my_project/7450/" "Mozilla/5.0 (Windows NT 10.0; Win64; x64) AppleWebKit/537.36 (KHTML, like Gecko) Chrome/70.0.3538.77 Safari/537.36" 1.728 0.244 .
196.12.128.66 - - [13/Nov/2018:13:52:15 +0100] "GET /rest/v1/indicator_dimension/?format=json&limit=100&result__project=4002&page=23 HTTP/1.1" 200 1474 "https://rsr.akvo.org/en/myrsr/my_project/4002/" "Mozilla/5.0 (Windows NT 10.0; Win64; x64) AppleWebKit/537.36 (KHTML, like Gecko) Chrome/70.0.3538.77 Safari/537.36" 1.734 0.225 .
66.249.64.222 - - [13/Nov/2018:13:52:16 +0100] "GET /en/project/2346/update/12270/ HTTP/1.1" 200 7455 "-" "Mozilla/5.0 (Linux; Android 6.0.1; Nexus 5X Build/MMB29P) AppleWebKit/537.36 (KHTML, like Gecko) Chrome/41.0.2272.96 Mobile Safari/537.36 (compatible; Googlebot/2.1; +http://www.google.com/bot.html)" 0.431 0.431 .
148.251.120.201 - - [13/Nov/2018:13:52:16 +0100] "GET /en/projects/?page=1&status=&organisation=1981&limit=20 HTTP/1.1" 503 206 "-" "Mozilla/5.0 (compatible; MJ12bot/v1.4.8; http://mj12bot.com/)" 0.000 - .
148.251.120.201 - - [13/Nov/2018:13:52:16 +0100] "GET /en/sign_in/?next=/fr/project/5339/add_update/ HTTP/1.1" 503 206 "-" "Mozilla/5.0 (compatible; MJ12bot/v1.4.8; http://mj12bot.com/)" 0.000 - .
46.229.168.139 - - [13/Nov/2018:13:52:16 +0100] "GET /en/project/6637/ HTTP/1.1" 200 13047 "-" "Mozilla/5.0 (compatible; SemrushBot/2~bl; +http://www.semrush.com/bot.html)" 2.076 2.076 .
41.175.10.186 - - [13/Nov/2018:13:52:16 +0100] "GET /rest/v1/indicator_dimension/?format=json&limit=100&result__project=7450&page=58 HTTP/1.1" 200 1501 "https://appsa.akvoapp.org/en/myrsr/my_project/7450/" "Mozilla/5.0 (Windows NT 10.0; Win64; x64) AppleWebKit/537.36 (KHTML, like Gecko) Chrome/70.0.3538.77 Safari/537.36" 1.745 0.242 .
196.12.128.66 - - [13/Nov/2018:13:52:16 +0100] "GET /rest/v1/indicator_dimension/?format=json&limit=100&result__project=4002&page=24 HTTP/1.1" 200 1348 "https://rsr.akvo.org/en/myrsr/my_project/4002/" "Mozilla/5.0 (Windows NT 10.0; Win64; x64) AppleWebKit/537.36 (KHTML, like Gecko) Chrome/70.0.3538.77 Safari/537.36" 1.735 0.218 .
41.175.10.186 - - [13/Nov/2018:13:52:16 +0100] "GET /rest/v1/indicator_dimension/?format=json&limit=100&result__project=7450&page=59 HTTP/1.1" 200 1461 "https://appsa.akvoapp.org/en/myrsr/my_project/7450/" "Mozilla/5.0 (Windows NT 10.0; Win64; x64) AppleWebKit/537.36 (KHTML, like Gecko) Chrome/70.0.3538.77 Safari/537.36" 1.311 0.242 .
196.12.128.66 - - [13/Nov/2018:13:52:16 +0100] "GET /rest/v1/indicator_dimension/?format=json&limit=100&result__project=4002&page=25 HTTP/1.1" 200 1466 "https://rsr.akvo.org/en/myrsr/my_project/4002/" "Mozilla/5.0 (Windows NT 10.0; Win64; x64) AppleWebKit/537.36 (KHTML, like Gecko) Chrome/70.0.3538.77 Safari/537.36" 1.759 0.237 .
41.175.10.186 - - [13/Nov/2018:13:52:16 +0100] "GET /rest/v1/indicator_dimension/?format=json&limit=100&result__project=7450&page=60 HTTP/1.1" 200 1487 "https://appsa.akvoapp.org/en/myrsr/my_project/7450/" "Mozilla/5.0 (Windows NT 10.0; Win64; x64) AppleWebKit/537.36 (KHTML, like Gecko) Chrome/70.0.3538.77 Safari/537.36" 1.275 0.261 .
196.12.128.66 - - [13/Nov/2018:13:52:16 +0100] "GET /rest/v1/indicator_dimension/?format=json&limit=100&result__project=4002&page=26 HTTP/1.1" 200 1447 "https://rsr.akvo.org/en/myrsr/my_project/4002/" "Mozilla/5.0 (Windows NT 10.0; Win64; x64) AppleWebKit/537.36 (KHTML, like Gecko) Chrome/70.0.3538.77 Safari/537.36" 1.788 0.226 .
41.175.10.186 - - [13/Nov/2018:13:52:17 +0100] "GET /rest/v1/indicator_dimension/?format=json&limit=100&result__project=7450&page=61 HTTP/1.1" 200 1414 "https://appsa.akvoapp.org/en/myrsr/my_project/7450/" "Mozilla/5.0 (Windows NT 10.0; Win64; x64) AppleWebKit/537.36 (KHTML, like Gecko) Chrome/70.0.3538.77 Safari/537.36" 1.457 0.217 .
66.249.64.41 - - [13/Nov/2018:13:52:17 +0100] "GET /en/project/1882/update/4919/ HTTP/1.1" 200 7357 "-" "Mozilla/5.0 (compatible; Googlebot/2.1; +http://www.google.com/bot.html)" 0.408 0.408 .
196.12.128.66 - - [13/Nov/2018:13:52:17 +0100] "GET /rest/v1/indicator_dimension/?format=json&limit=100&result__project=4002&page=27 HTTP/1.1" 200 1466 "https://rsr.akvo.org/en/myrsr/my_project/4002/" "Mozilla/5.0 (Windows NT 10.0; Win64; x64) AppleWebKit/537.36 (KHTML, like Gecko) Chrome/70.0.3538.77 Safari/537.36" 1.633 0.221 .
41.175.10.186 - - [13/Nov/2018:13:52:17 +0100] "GET /rest/v1/indicator_dimension/?format=json&limit=100&result__project=7450&page=62 HTTP/1.1" 200 1455 "https://appsa.akvoapp.org/en/myrsr/my_project/7450/" "Mozilla/5.0 (Windows NT 10.0; Win64; x64) AppleWebKit/537.36 (KHTML, like Gecko) Chrome/70.0.3538.77 Safari/537.36" 1.730 0.228 .
148.251.120.201 - - [13/Nov/2018:13:52:17 +0100] "GET /en/projects/?page=1&status=&organisation=1981&limit=50 HTTP/1.1" 503 206 "-" "Mozilla/5.0 (compatible; MJ12bot/v1.4.8; http://mj12bot.com/)" 0.000 - .
196.12.128.66 - - [13/Nov/2018:13:52:17 +0100] "GET /rest/v1/indicator_dimension/?format=json&limit=100&result__project=4002&page=28 HTTP/1.1" 200 1463 "https://rsr.akvo.org/en/myrsr/my_project/4002/" "Mozilla/5.0 (Windows NT 10.0; Win64; x64) AppleWebKit/537.36 (KHTML, like Gecko) Chrome/70.0.3538.77 Safari/537.36" 1.585 0.225 .
41.175.10.186 - - [13/Nov/2018:13:52:17 +0100] "GET /rest/v1/indicator_dimension/?format=json&limit=100&result__project=7450&page=63 HTTP/1.1" 200 1431 "https://appsa.akvoapp.org/en/myrsr/my_project/7450/" "Mozilla/5.0 (Windows NT 10.0; Win64; x64) AppleWebKit/537.36 (KHTML, like Gecko) Chrome/70.0.3538.77 Safari/537.36" 1.682 0.223 .
196.12.128.66 - - [13/Nov/2018:13:52:17 +0100] "GET /rest/v1/indicator_dimension/?format=json&limit=100&result__project=4002&page=29 HTTP/1.1" 200 1492 "https://rsr.akvo.org/en/myrsr/my_project/4002/" "Mozilla/5.0 (Windows NT 10.0; Win64; x64) AppleWebKit/537.36 (KHTML, like Gecko) Chrome/70.0.3538.77 Safari/537.36" 1.701 0.215 .
41.175.10.186 - - [13/Nov/2018:13:52:18 +0100] "GET /rest/v1/indicator_dimension/?format=json&limit=100&result__project=7450&page=64 HTTP/1.1" 200 1489 "https://appsa.akvoapp.org/en/myrsr/my_project/7450/" "Mozilla/5.0 (Windows NT 10.0; Win64; x64) AppleWebKit/537.36 (KHTML, like Gecko) Chrome/70.0.3538.77 Safari/537.36" 1.795 0.279 .
196.12.128.66 - - [13/Nov/2018:13:52:18 +0100] "GET /rest/v1/indicator_dimension/?format=json&limit=100&result__project=4002&page=30 HTTP/1.1" 200 1450 "https://rsr.akvo.org/en/myrsr/my_project/4002/" "Mozilla/5.0 (Windows NT 10.0; Win64; x64) AppleWebKit/537.36 (KHTML, like Gecko) Chrome/70.0.3538.77 Safari/537.36" 1.705 0.222 .
41.175.10.186 - - [13/Nov/2018:13:52:18 +0100] "GET /rest/v1/indicator_dimension/?format=json&limit=100&result__project=7450&page=65 HTTP/1.1" 200 1451 "https://appsa.akvoapp.org/en/myrsr/my_project/7450/" "Mozilla/5.0 (Windows NT 10.0; Win64; x64) AppleWebKit/537.36 (KHTML, like Gecko) Chrome/70.0.3538.77 Safari/537.36" 1.735 0.235 .
196.12.128.66 - - [13/Nov/2018:13:52:18 +0100] "GET /rest/v1/indicator_dimension/?format=json&limit=100&result__project=4002&page=31 HTTP/1.1" 200 1509 "https://rsr.akvo.org/en/myrsr/my_project/4002/" "Mozilla/5.0 (Windows NT 10.0; Win64; x64) AppleWebKit/537.36 (KHTML, like Gecko) Chrome/70.0.3538.77 Safari/537.36" 1.814 0.255 .
41.175.10.186 - - [13/Nov/2018:13:52:18 +0100] "GET /rest/v1/indicator_dimension/?format=json&limit=100&result__project=7450&page=66 HTTP/1.1" 200 1434 "https://appsa.akvoapp.org/en/myrsr/my_project/7450/" "Mozilla/5.0 (Windows NT 10.0; Win64; x64) AppleWebKit/537.36 (KHTML, like Gecko) Chrome/70.0.3538.77 Safari/537.36" 1.007 0.229 .
148.251.120.201 - - [13/Nov/2018:13:52:18 +0100] "GET /en/projects/?page=1&status=&organisation=1988 HTTP/1.1" 503 206 "-" "Mozilla/5.0 (compatible; MJ12bot/v1.4.8; http://mj12bot.com/)" 0.000 - .
148.251.120.201 - - [13/Nov/2018:13:52:18 +0100] "GET /en/sign_in/?next=/fr/project/5358/add_update/ HTTP/1.1" 503 206 "-" "Mozilla/5.0 (compatible; MJ12bot/v1.4.8; http://mj12bot.com/)" 0.000 - .
196.12.128.66 - - [13/Nov/2018:13:52:18 +0100] "GET /rest/v1/indicator_dimension/?format=json&limit=100&result__project=4002&page=32 HTTP/1.1" 200 1472 "https://rsr.akvo.org/en/myrsr/my_project/4002/" "Mozilla/5.0 (Windows NT 10.0; Win64; x64) AppleWebKit/537.36 (KHTML, like Gecko) Chrome/70.0.3538.77 Safari/537.36" 1.817 0.260 .
41.175.10.186 - - [13/Nov/2018:13:52:19 +0100] "GET /rest/v1/indicator_dimension/?format=json&limit=100&result__project=7450&page=67 HTTP/1.1" 200 1416 "https://appsa.akvoapp.org/en/myrsr/my_project/7450/" "Mozilla/5.0 (Windows NT 10.0; Win64; x64) AppleWebKit/537.36 (KHTML, like Gecko) Chrome/70.0.3538.77 Safari/537.36" 0.989 0.237 .
196.12.128.66 - - [13/Nov/2018:13:52:19 +0100] "GET /rest/v1/indicator_dimension/?format=json&limit=100&result__project=4002&page=33 HTTP/1.1" 200 1505 "https://rsr.akvo.org/en/myrsr/my_project/4002/" "Mozilla/5.0 (Windows NT 10.0; Win64; x64) AppleWebKit/537.36 (KHTML, like Gecko) Chrome/70.0.3538.77 Safari/537.36" 1.834 0.238 .
41.175.10.186 - - [13/Nov/2018:13:52:19 +0100] "GET /rest/v1/indicator_dimension/?format=json&limit=100&result__project=7450&page=68 HTTP/1.1" 200 1310 "https://appsa.akvoapp.org/en/myrsr/my_project/7450/" "Mozilla/5.0 (Windows NT 10.0; Win64; x64) AppleWebKit/537.36 (KHTML, like Gecko) Chrome/70.0.3538.77 Safari/537.36" 1.307 0.223 .
196.12.128.66 - - [13/Nov/2018:13:52:19 +0100] "GET /rest/v1/indicator_dimension/?format=json&limit=100&result__project=4002&page=34 HTTP/1.1" 200 1346 "https://rsr.akvo.org/en/myrsr/my_project/4002/" "Mozilla/5.0 (Windows NT 10.0; Win64; x64) AppleWebKit/537.36 (KHTML, like Gecko) Chrome/70.0.3538.77 Safari/537.36" 1.830 0.247 .
41.175.10.186 - - [13/Nov/2018:13:52:19 +0100] "GET /rest/v1/indicator_dimension/?format=json&limit=100&result__project=7450&page=69 HTTP/1.1" 200 1476 "https://appsa.akvoapp.org/en/myrsr/my_project/7450/" "Mozilla/5.0 (Windows NT 10.0; Win64; x64) AppleWebKit/537.36 (KHTML, like Gecko) Chrome/70.0.3538.77 Safari/537.36" 1.528 0.283 .
196.12.128.66 - - [13/Nov/2018:13:52:19 +0100] "GET /rest/v1/indicator_dimension/?format=json&limit=100&result__project=4002&page=35 HTTP/1.1" 200 1495 "https://rsr.akvo.org/en/myrsr/my_project/4002/" "Mozilla/5.0 (Windows NT 10.0; Win64; x64) AppleWebKit/537.36 (KHTML, like Gecko) Chrome/70.0.3538.77 Safari/537.36" 1.826 0.279 .
41.175.10.186 - - [13/Nov/2018:13:52:20 +0100] "GET /rest/v1/indicator_dimension/?format=json&limit=100&result__project=7450&page=70 HTTP/1.1" 200 449 "https://appsa.akvoapp.org/en/myrsr/my_project/7450/" "Mozilla/5.0 (Windows NT 10.0; Win64; x64) AppleWebKit/537.36 (KHTML, like Gecko) Chrome/70.0.3538.77 Safari/537.36" 1.681 0.256 .
196.12.128.66 - - [13/Nov/2018:13:52:20 +0100] "GET /rest/v1/indicator_dimension/?format=json&limit=100&result__project=4002&page=36 HTTP/1.1" 200 1470 "https://rsr.akvo.org/en/myrsr/my_project/4002/" "Mozilla/5.0 (Windows NT 10.0; Win64; x64) AppleWebKit/537.36 (KHTML, like Gecko) Chrome/70.0.3538.77 Safari/537.36" 1.732 0.235 .
196.12.128.66 - - [13/Nov/2018:13:52:20 +0100] "GET /rest/v1/indicator_dimension/?format=json&limit=100&result__project=4002&page=37 HTTP/1.1" 200 1429 "https://rsr.akvo.org/en/myrsr/my_project/4002/" "Mozilla/5.0 (Windows NT 10.0; Win64; x64) AppleWebKit/537.36 (KHTML, like Gecko) Chrome/70.0.3538.77 Safari/537.36" 2.002 0.545 .
66.249.64.90 - - [13/Nov/2018:13:52:21 +0100] "GET /en/project/5416/ HTTP/1.1" 200 14890 "-" "Mozilla/5.0 (Linux; Android 6.0.1; Nexus 5X Build/MMB29P) AppleWebKit/537.36 (KHTML, like Gecko) Chrome/41.0.2272.96 Mobile Safari/537.36 (compatible; Googlebot/2.1; +http://www.google.com/bot.html)" 3.125 3.125 .
148.251.120.201 - - [13/Nov/2018:13:52:21 +0100] "GET /en/projects/?page=1&status=&organisation=1988&limit=100 HTTP/1.1" 503 206 "-" "Mozilla/5.0 (compatible; MJ12bot/v1.4.8; http://mj12bot.com/)" 0.000 - .
180.76.15.141 - - [13/Nov/2018:13:52:21 +0100] "GET /en/project/3348/update/16537/ HTTP/1.1" 200 88093 "-" "Mozilla/5.0 (compatible; Baiduspider/2.0; +http://www.baidu.com/search/spider.html)" 2.198 1.653 .
196.12.128.66 - - [13/Nov/2018:13:52:21 +0100] "GET /rest/v1/indicator_dimension/?format=json&limit=100&result__project=4002&page=38 HTTP/1.1" 200 1396 "https://rsr.akvo.org/en/myrsr/my_project/4002/" "Mozilla/5.0 (Windows NT 10.0; Win64; x64) AppleWebKit/537.36 (KHTML, like Gecko) Chrome/70.0.3538.77 Safari/537.36" 2.150 0.595 .
41.175.10.186 - - [13/Nov/2018:13:52:21 +0100] "GET /rest/v1/indicator_period/?format=json&limit=100&indicator__result__project=7450&page=2 HTTP/1.1" 200 3188 "https://appsa.akvoapp.org/en/myrsr/my_project/7450/" "Mozilla/5.0 (Windows NT 10.0; Win64; x64) AppleWebKit/537.36 (KHTML, like Gecko) Chrome/70.0.3538.77 Safari/537.36" 2.944 1.415 .
196.12.128.66 - - [13/Nov/2018:13:52:21 +0100] "GET /rest/v1/indicator_dimension/?format=json&limit=100&result__project=4002&page=39 HTTP/1.1" 200 1480 "https://rsr.akvo.org/en/myrsr/my_project/4002/" "Mozilla/5.0 (Windows NT 10.0; Win64; x64) AppleWebKit/537.36 (KHTML, like Gecko) Chrome/70.0.3538.77 Safari/537.36" 2.481 0.886 .
41.175.10.186 - - [13/Nov/2018:13:52:22 +0100] "GET /rest/v1/indicator_period/?format=json&limit=100&indicator__result__project=7450&page=3 HTTP/1.1" 200 3155 "https://appsa.akvoapp.org/en/myrsr/my_project/7450/" "Mozilla/5.0 (Windows NT 10.0; Win64; x64) AppleWebKit/537.36 (KHTML, like Gecko) Chrome/70.0.3538.77 Safari/537.36" 3.460 1.903 .
148.251.120.201 - - [13/Nov/2018:13:52:22 +0100] "GET /en/sign_in/?next=/fr/project/5494/add_update/ HTTP/1.1" 503 206 "-" "Mozilla/5.0 (compatible; MJ12bot/v1.4.8; http://mj12bot.com/)" 0.000 - .
148.251.120.201 - - [13/Nov/2018:13:52:22 +0100] "GET /en/projects/?page=1&status=&organisation=1988&limit=20 HTTP/1.1" 503 206 "-" "Mozilla/5.0 (compatible; MJ12bot/v1.4.8; http://mj12bot.com/)" 0.000 - .
107.150.59.98 - - [13/Nov/2018:13:52:22 +0100] "GET /en/project/5626/ HTTP/1.1" 503 206 "-" "Mozilla/5.0 (compatible; MJ12bot/v1.4.8; http://mj12bot.com/)" 0.000 - .
41.175.10.186 - - [13/Nov/2018:13:52:22 +0100] "GET /rest/v1/indicator_period/?format=json&limit=100&indicator__result__project=7450&page=5 HTTP/1.1" 200 2473 "https://appsa.akvoapp.org/en/myrsr/my_project/7450/" "Mozilla/5.0 (Windows NT 10.0; Win64; x64) AppleWebKit/537.36 (KHTML, like Gecko) Chrome/70.0.3538.77 Safari/537.36" 2.971 1.521 .
41.175.10.186 - - [13/Nov/2018:13:52:22 +0100] "GET /rest/v1/indicator_period/?format=json&limit=100&indicator__result__project=7450&page=4 HTTP/1.1" 200 3141 "https://appsa.akvoapp.org/en/myrsr/my_project/7450/" "Mozilla/5.0 (Windows NT 10.0; Win64; x64) AppleWebKit/537.36 (KHTML, like Gecko) Chrome/70.0.3538.77 Safari/537.36" 3.394 1.864 .
66.249.64.136 - - [13/Nov/2018:13:52:22 +0100] "GET /en/project/936/update/6631/ HTTP/1.1" 200 8803 "-" "Mozilla/5.0 (Linux; Android 6.0.1; Nexus 5X Build/MMB29P) AppleWebKit/537.36 (KHTML, like Gecko) Chrome/41.0.2272.96 Mobile Safari/537.36 (compatible; Googlebot/2.1; +http://www.google.com/bot.html)" 1.625 1.625 .
196.12.128.66 - - [13/Nov/2018:13:52:23 +0100] "GET /rest/v1/indicator_dimension/?format=json&limit=100&result__project=4002&page=41 HTTP/1.1" 200 1441 "https://rsr.akvo.org/en/myrsr/my_project/4002/" "Mozilla/5.0 (Windows NT 10.0; Win64; x64) AppleWebKit/537.36 (KHTML, like Gecko) Chrome/70.0.3538.77 Safari/537.36" 2.835 1.314 .
196.12.128.66 - - [13/Nov/2018:13:52:23 +0100] "GET /rest/v1/indicator_dimension/?format=json&limit=100&result__project=4002&page=40 HTTP/1.1" 200 1482 "https://rsr.akvo.org/en/myrsr/my_project/4002/" "Mozilla/5.0 (Windows NT 10.0; Win64; x64) AppleWebKit/537.36 (KHTML, like Gecko) Chrome/70.0.3538.77 Safari/537.36" 3.213 1.649 .
196.12.128.66 - - [13/Nov/2018:13:52:23 +0100] "GET /rest/v1/indicator_dimension/?format=json&limit=100&result__project=4002&page=42 HTTP/1.1" 200 1439 "https://rsr.akvo.org/en/myrsr/my_project/4002/" "Mozilla/5.0 (Windows NT 10.0; Win64; x64) AppleWebKit/537.36 (KHTML, like Gecko) Chrome/70.0.3538.77 Safari/537.36" 2.665 1.088 .
196.12.128.66 - - [13/Nov/2018:13:52:23 +0100] "GET /rest/v1/indicator_dimension/?format=json&limit=100&result__project=4002&page=43 HTTP/1.1" 200 1445 "https://rsr.akvo.org/en/myrsr/my_project/4002/" "Mozilla/5.0 (Windows NT 10.0; Win64; x64) AppleWebKit/537.36 (KHTML, like Gecko) Chrome/70.0.3538.77 Safari/537.36" 2.131 0.897 .
196.12.128.66 - - [13/Nov/2018:13:52:23 +0100] "GET /rest/v1/indicator_dimension/?format=json&limit=100&result__project=4002&page=44 HTTP/1.1" 200 1461 "https://rsr.akvo.org/en/myrsr/my_project/4002/" "Mozilla/5.0 (Windows NT 10.0; Win64; x64) AppleWebKit/537.36 (KHTML, like Gecko) Chrome/70.0.3538.77 Safari/537.36" 1.793 0.568 .
196.12.128.66 - - [13/Nov/2018:13:52:23 +0100] "GET /rest/v1/indicator_dimension/?format=json&limit=100&result__project=4002&page=45 HTTP/1.1" 200 1478 "https://rsr.akvo.org/en/myrsr/my_project/4002/" "Mozilla/5.0 (Windows NT 10.0; Win64; x64) AppleWebKit/537.36 (KHTML, like Gecko) Chrome/70.0.3538.77 Safari/537.36" 1.269 0.329 .
196.12.128.66 - - [13/Nov/2018:13:52:23 +0100] "GET /rest/v1/indicator_dimension/?format=json&limit=100&result__project=4002&page=47 HTTP/1.1" 200 1455 "https://rsr.akvo.org/en/myrsr/my_project/4002/" "Mozilla/5.0 (Windows NT 10.0; Win64; x64) AppleWebKit/537.36 (KHTML, like Gecko) Chrome/70.0.3538.77 Safari/537.36" 0.402 0.242 .
196.12.128.66 - - [13/Nov/2018:13:52:23 +0100] "GET /rest/v1/indicator_dimension/?format=json&limit=100&result__project=4002&page=46 HTTP/1.1" 200 1457 "https://rsr.akvo.org/en/myrsr/my_project/4002/" "Mozilla/5.0 (Windows NT 10.0; Win64; x64) AppleWebKit/537.36 (KHTML, like Gecko) Chrome/70.0.3538.77 Safari/537.36" 0.742 0.248 .
66.249.64.88 - - [13/Nov/2018:13:52:24 +0100] "GET /en/project/2363/update/11382/ HTTP/1.1" 200 8650 "-" "Mozilla/5.0 (Linux; Android 6.0.1; Nexus 5X Build/MMB29P) AppleWebKit/537.36 (KHTML, like Gecko) Chrome/41.0.2272.96 Mobile Safari/537.36 (compatible; Googlebot/2.1; +http://www.google.com/bot.html)" 0.722 0.722 .
148.251.120.201 - - [13/Nov/2018:13:52:24 +0100] "GET /en/projects/?page=1&status=&organisation=1988&limit=50 HTTP/1.1" 503 206 "-" "Mozilla/5.0 (compatible; MJ12bot/v1.4.8; http://mj12bot.com/)" 0.000 - .
198.204.243.138 - - [13/Nov/2018:13:52:24 +0100] "GET /en/projects/?page=1&organisation=2336&iati_status=3 HTTP/1.1" 503 206 "-" "Mozilla/5.0 (compatible; MJ12bot/v1.4.8; http://mj12bot.com/)" 0.000 - .
196.12.128.66 - - [13/Nov/2018:13:52:24 +0100] "GET /rest/v1/indicator_dimension/?format=json&limit=100&result__project=4002&page=48 HTTP/1.1" 200 1409 "https://rsr.akvo.org/en/myrsr/my_project/4002/" "Mozilla/5.0 (Windows NT 10.0; Win64; x64) AppleWebKit/537.36 (KHTML, like Gecko) Chrome/70.0.3538.77 Safari/537.36" 1.003 0.272 .
196.12.128.66 - - [13/Nov/2018:13:52:24 +0100] "GET /rest/v1/indicator_dimension/?format=json&limit=100&result__project=4002&page=49 HTTP/1.1" 200 1462 "https://rsr.akvo.org/en/myrsr/my_project/4002/" "Mozilla/5.0 (Windows NT 10.0; Win64; x64) AppleWebKit/537.36 (KHTML, like Gecko) Chrome/70.0.3538.77 Safari/537.36" 1.123 0.235 .
46.229.168.132 - - [13/Nov/2018:13:52:25 +0100] "GET /rest/v1/project_extra/3983.json HTTP/1.1" 406 5838 "-" "Mozilla/5.0 (compatible; SemrushBot/2~bl; +http://www.semrush.com/bot.html)" 0.682 0.682 .
196.12.128.66 - - [13/Nov/2018:13:52:25 +0100] "GET /rest/v1/indicator_dimension/?format=json&limit=100&result__project=4002&page=50 HTTP/1.1" 200 1355 "https://rsr.akvo.org/en/myrsr/my_project/4002/" "Mozilla/5.0 (Windows NT 10.0; Win64; x64) AppleWebKit/537.36 (KHTML, like Gecko) Chrome/70.0.3538.77 Safari/537.36" 2.114 0.899 .
148.251.120.201 - - [13/Nov/2018:13:52:25 +0100] "GET /en/sign_in/?next=/fr/project/5539/add_update/ HTTP/1.1" 503 206 "-" "Mozilla/5.0 (compatible; MJ12bot/v1.4.8; http://mj12bot.com/)" 0.000 - .
148.251.120.201 - - [13/Nov/2018:13:52:25 +0100] "GET /en/projects/?page=1&status=&organisation=744&limit=100 HTTP/1.1" 503 206 "-" "Mozilla/5.0 (compatible; MJ12bot/v1.4.8; http://mj12bot.com/)" 0.000 - .
196.12.128.66 - - [13/Nov/2018:13:52:25 +0100] "GET /rest/v1/indicator_dimension/?format=json&limit=100&result__project=4002&page=51 HTTP/1.1" 200 1464 "https://rsr.akvo.org/en/myrsr/my_project/4002/" "Mozilla/5.0 (Windows NT 10.0; Win64; x64) AppleWebKit/537.36 (KHTML, like Gecko) Chrome/70.0.3538.77 Safari/537.36" 2.371 0.868 .
196.12.128.66 - - [13/Nov/2018:13:52:26 +0100] "GET /rest/v1/indicator_dimension/?format=json&limit=100&result__project=4002&page=52 HTTP/1.1" 200 1486 "https://rsr.akvo.org/en/myrsr/my_project/4002/" "Mozilla/5.0 (Windows NT 10.0; Win64; x64) AppleWebKit/537.36 (KHTML, like Gecko) Chrome/70.0.3538.77 Safari/537.36" 2.372 0.811 .
196.12.128.66 - - [13/Nov/2018:13:52:26 +0100] "GET /rest/v1/indicator_dimension/?format=json&limit=100&result__project=4002&page=53 HTTP/1.1" 200 1465 "https://rsr.akvo.org/en/myrsr/my_project/4002/" "Mozilla/5.0 (Windows NT 10.0; Win64; x64) AppleWebKit/537.36 (KHTML, like Gecko) Chrome/70.0.3538.77 Safari/537.36" 2.342 0.779 .
107.150.59.98 - - [13/Nov/2018:13:52:26 +0100] "GET /en/project/5626/ HTTP/1.1" 503 206 "-" "Mozilla/5.0 (compatible; MJ12bot/v1.4.8; http://mj12bot.com/)" 0.000 - .
196.12.128.66 - - [13/Nov/2018:13:52:26 +0100] "GET /rest/v1/indicator_dimension/?format=json&limit=100&result__project=4002&page=54 HTTP/1.1" 200 1418 "https://rsr.akvo.org/en/myrsr/my_project/4002/" "Mozilla/5.0 (Windows NT 10.0; Win64; x64) AppleWebKit/537.36 (KHTML, like Gecko) Chrome/70.0.3538.77 Safari/537.36" 2.315 0.756 .
213.187.247.169 - - [13/Nov/2018:13:52:26 +0100] "GET /rest/v1/project/?ordering=last_modified_at&page=1&partners=2926&last_modified_at__gt=2018-11-07%2018%3A39%3A43.914115&image_thumb_name=original&publishingstatus__status=published HTTP/1.1" 200 52 "-" "Drupal (+http://drupal.org/)" 0.615 0.615 .
148.251.120.201 - - [13/Nov/2018:13:52:27 +0100] "GET /en/projects/?page=1&status=&organisation=744&limit=20 HTTP/1.1" 503 206 "-" "Mozilla/5.0 (compatible; MJ12bot/v1.4.8; http://mj12bot.com/)" 0.000 - .
196.12.128.66 - - [13/Nov/2018:13:52:27 +0100] "GET /rest/v1/indicator_dimension/?format=json&limit=100&result__project=4002&page=55 HTTP/1.1" 200 1452 "https://rsr.akvo.org/en/myrsr/my_project/4002/" "Mozilla/5.0 (Windows NT 10.0; Win64; x64) AppleWebKit/537.36 (KHTML, like Gecko) Chrome/70.0.3538.77 Safari/537.36" 2.470 0.892 .
46.229.168.145 - - [13/Nov/2018:13:52:27 +0100] "GET /es/project/2116/ HTTP/1.1" 200 15604 "-" "Mozilla/5.0 (compatible; SemrushBot/2~bl; +http://www.semrush.com/bot.html)" 8.107 8.107 .
196.12.128.66 - - [13/Nov/2018:13:52:27 +0100] "GET /rest/v1/indicator_dimension/?format=json&limit=100&result__project=4002&page=56 HTTP/1.1" 200 1444 "https://rsr.akvo.org/en/myrsr/my_project/4002/" "Mozilla/5.0 (Windows NT 10.0; Win64; x64) AppleWebKit/537.36 (KHTML, like Gecko) Chrome/70.0.3538.77 Safari/537.36" 1.965 1.079 .
66.249.64.88 - - [13/Nov/2018:13:52:27 +0100] "GET /en/project/5492/update/21837/ HTTP/1.1" 200 8953 "-" "Mozilla/5.0 (Linux; Android 6.0.1; Nexus 5X Build/MMB29P) AppleWebKit/537.36 (KHTML, like Gecko) Chrome/41.0.2272.96 Mobile Safari/537.36 (compatible; Googlebot/2.1; +http://www.google.com/bot.html)" 1.494 1.494 .
196.12.128.66 - - [13/Nov/2018:13:52:28 +0100] "GET /rest/v1/indicator_dimension/?format=json&limit=100&result__project=4002&page=57 HTTP/1.1" 200 1469 "https://rsr.akvo.org/en/myrsr/my_project/4002/" "Mozilla/5.0 (Windows NT 10.0; Win64; x64) AppleWebKit/537.36 (KHTML, like Gecko) Chrome/70.0.3538.77 Safari/537.36" 1.980 1.024 .
46.229.168.144 - - [13/Nov/2018:13:52:28 +0100] "GET /en/project/394/update/2941/ HTTP/1.1" 503 206 "-" "Mozilla/5.0 (compatible; SemrushBot/2~bl; +http://www.semrush.com/bot.html)" 0.000 - .
196.12.128.66 - - [13/Nov/2018:13:52:28 +0100] "GET /rest/v1/indicator_dimension/?format=json&limit=100&result__project=4002&page=58 HTTP/1.1" 200 1455 "https://rsr.akvo.org/en/myrsr/my_project/4002/" "Mozilla/5.0 (Windows NT 10.0; Win64; x64) AppleWebKit/537.36 (KHTML, like Gecko) Chrome/70.0.3538.77 Safari/537.36" 1.848 0.880 .
196.12.128.66 - - [13/Nov/2018:13:52:28 +0100] "GET /rest/v1/indicator_dimension/?format=json&limit=100&result__project=4002&page=59 HTTP/1.1" 200 1417 "https://rsr.akvo.org/en/myrsr/my_project/4002/" "Mozilla/5.0 (Windows NT 10.0; Win64; x64) AppleWebKit/537.36 (KHTML, like Gecko) Chrome/70.0.3538.77 Safari/537.36" 1.665 0.618 .
196.12.128.66 - - [13/Nov/2018:13:52:28 +0100] "GET /rest/v1/indicator_dimension/?format=json&limit=100&result__project=4002&page=60 HTTP/1.1" 200 1374 "https://rsr.akvo.org/en/myrsr/my_project/4002/" "Mozilla/5.0 (Windows NT 10.0; Win64; x64) AppleWebKit/537.36 (KHTML, like Gecko) Chrome/70.0.3538.77 Safari/537.36" 1.546 0.471 .
148.251.120.201 - - [13/Nov/2018:13:52:28 +0100] "GET /en/projects/?page=1&status=&organisation=744&limit=50 HTTP/1.1" 503 206 "-" "Mozilla/5.0 (compatible; MJ12bot/v1.4.8; http://mj12bot.com/)" 0.000 - .
148.251.120.201 - - [13/Nov/2018:13:52:28 +0100] "GET /en/sign_in/?next=/fr/project/5556/add_update/ HTTP/1.1" 503 206 "-" "Mozilla/5.0 (compatible; MJ12bot/v1.4.8; http://mj12bot.com/)" 0.000 - .
46.229.168.131 - - [13/Nov/2018:13:52:28 +0100] "GET /fr/project/2221/ HTTP/1.1" 200 16221 "-" "Mozilla/5.0 (compatible; SemrushBot/2~bl; +http://www.semrush.com/bot.html)" 8.298 8.298 .